available: 8 nodes (0-7)
node 0 cpus: 0 1 2 3 4 5 6 7
node 0 size: 126933 MB
node 0 free: 124017 MB
node 1 cpus: 8 9 10 11 12 13 14 15
node 1 size: 126960 MB
node 1 free: 124444 MB
node 2 cpus: 16 17 18 19 20 21 22 23
node 2 size: 126960 MB
node 2 free: 124566 MB
node 3 cpus: 24 25 26 27 28 29 30 31
node 3 size: 126960 MB
node 3 free: 124207 MB
node 4 cpus: 32 33 34 35 36 37 38 39
node 4 size: 126960 MB
node 4 free: 124234 MB
node 5 cpus: 40 41 42 43 44 45 46 47
node 5 size: 126960 MB
node 5 free: 124554 MB
node 6 cpus: 48 49 50 51 52 53 54 55
node 6 size: 126960 MB
node 6 free: 124451 MB
node 7 cpus: 56 57 58 59 60 61 62 63
node 7 size: 126960 MB
node 7 free: 124338 MB
node distances:
node   0   1   2   3   4   5   6   7 
  0:  10  50  65  65  65  65  65  65 
  1:  50  10  65  65  65  65  65  65 
  2:  65  65  10  50  65  65  65  65 
  3:  65  65  50  10  65  65  65  65 
  4:  65  65  65  65  10  50  65  65 
  5:  65  65  65  65  50  10  65  65 
  6:  65  65  65  65  65  65  10  50 
  7:  65  65  65  65  65  65  50  10
